> Building...
√ Building...
Initial chunk files | Names         |  Raw size
main.js             | main          |  10.70 MB | 
styles.css          | styles        | 117.65 kB | 

                    | Initial total |  10.82 MB

Application bundle generation complete. [46.889 seconds] - 2026-09-09T19:36:29.273Z

Watch mode enabled. Watching for file changes...
NOTE: Raw file sizes do not reflect development server per-request transformations.
  ➜  Local:   http://localhost:4200/
  ➜  press h + enter to show help
> Changes detected. Rebuilding...
√ Changes detected. Rebuilding...
Initial chunk files | Names | Raw size
main.js             | main  | 10.70 MB | 

Application bundle generation complete. [35.651 seconds] - 2026-09-09T19:39:00.317Z

Component update sent to client(s).
> Changes detected. Rebuilding...
√ Changes detected. Rebuilding...
Initial chunk files | Names | Raw size
main.js             | main  | 10.70 MB | 

Application bundle generation complete. [1.084 seconds] - 2026-09-09T19:39:01.428Z

Component update sent to client(s).
> Changes detected. Rebuilding...
√ Changes detected. Rebuilding...
Initial chunk files | Names | Raw size
main.js             | main  | 10.70 MB | 

Application bundle generation complete. [1.896 seconds] - 2026-09-09T19:41:51.965Z

Component update sent to client(s).
> Changes detected. Rebuilding...
√ Changes detected. Rebuilding...
Initial chunk files | Names | Raw size
main.js             | main  | 10.69 MB | 

Application bundle generation complete. [2.048 seconds] - 2026-09-09T19:43:49.616Z

Page reload sent to client(s).
> Changes detected. Rebuilding...
√ Changes detected. Rebuilding...
Initial chunk files | Names | Raw size
main.js             | main  | 10.69 MB | 

Application bundle generation complete. [1.366 seconds] - 2026-09-09T19:44:04.139Z

Component update sent to client(s).
> Changes detected. Rebuilding...
√ Changes detected. Rebuilding...
Initial chunk files | Names | Raw size
main.js             | main  | 10.69 MB | 

Application bundle generation complete. [1.720 seconds] - 2026-09-09T19:44:15.696Z

Component update sent to client(s).
> Changes detected. Rebuilding...
√ Changes detected. Rebuilding...
Initial chunk files | Names | Raw size
main.js             | main  | 10.69 MB | 

Application bundle generation complete. [1.464 seconds] - 2026-09-09T19:44:25.580Z

Component update sent to client(s).
> Changes detected. Rebuilding...
√ Changes detected. Rebuilding...
Initial chunk files | Names | Raw size
main.js             | main  | 10.69 MB | 

Application bundle generation complete. [1.592 seconds] - 2026-09-09T19:47:53.842Z

Component update sent to client(s).
> Changes detected. Rebuilding...
√ Changes detected. Rebuilding...
Initial chunk files | Names | Raw size
main.js             | main  | 10.69 MB | 

Application bundle generation complete. [1.332 seconds] - 2026-09-09T19:49:37.166Z

Component update sent to client(s).
> Changes detected. Rebuilding...
√ Changes detected. Rebuilding...
Initial chunk files | Names | Raw size
main.js             | main  | 10.69 MB | 

Application bundle generation complete. [1.438 seconds] - 2026-09-09T19:50:40.052Z

Component update sent to client(s).
